[bestwpware.com/html/tm/quader-demo/quader-dark/index.html]
[backblue.gif]
[fade.gif]
[index.html]
[bestwpware.com/html/tm/quader-demo/quader-dark/assets/bootstrap/css/bootstrap.min.css]
[bestwpware.com/html/tm/quader-demo/quader-dark/assets/fonts/font-awesome.min.css]
[bestwpware.com/html/tm/quader-demo/quader-dark/assets/css/meanmenu.css]
[bestwpware.com/html/tm/quader-demo/quader-dark/assets/fonts/themify-icons.css]
[bestwpware.com/html/tm/quader-demo/quader-dark/assets/css/style.css]
[bestwpware.com/html/tm/quader-demo/quader-dark/assets/css/responsive.css]
[bestwpware.com/html/tm/quader-demo/quader-dark/assets/img/logo.png]
[bestwpware.com/html/tm/quader-demo/quader-dark/resume.html]
[bestwpware.com/html/tm/quader-demo/quader-dark/service.html]
[bestwpware.com/html/tm/quader-demo/quader-dark/portfolio.html]
[bestwpware.com/html/tm/quader-demo/quader-dark/blog.html]
[bestwpware.com/html/tm/quader-demo/quader-dark/contact.html]
[bestwpware.com/html/tm/quader-demo/quader-dark/assets/img/me.jpg]
[bestwpware.com/html/tm/quader-demo/quader-dark/assets/js/jquery-1.12.4.min.js]
[bestwpware.com/html/tm/quader-demo/quader-dark/assets/bootstrap/js/bootstrap.min.js]
[bestwpware.com/html/tm/quader-demo/quader-dark/assets/js/jquery.knob.js]
[bestwpware.com/html/tm/quader-demo/quader-dark/assets/js/waypoints.min.js]
[bestwpware.com/html/tm/quader-demo/quader-dark/assets/js/jquery.inview.min.js]
[bestwpware.com/html/tm/quader-demo/quader-dark/assets/js/jquery.meanmenu.js]
[bestwpware.com/html/tm/quader-demo/quader-dark/index.html]
[bestwpware.com/html/tm/quader-demo/quader-dark/assets/bootstrap/css/bootstrap.min.css]
[bestwpware.com/html/tm/quader-demo/quader-dark/assets/js/scripts.js]
[bestwpware.com/html/tm/quader-demo/quader-dark/assets/fonts/fontawesome-webfont3e6e.eot]
[bestwpware.com/html/tm/quader-demo/quader-dark/assets/fonts/fontawesome-webfontd41d.eot]
[bestwpware.com/html/tm/quader-demo/quader-dark/assets/fonts/fontawesome-webfont3e6e.woff2]
[bestwpware.com/html/tm/quader-demo/quader-dark/assets/fonts/fontawesome-webfont3e6e.woff]
[bestwpware.com/html/tm/quader-demo/quader-dark/assets/fonts/fontawesome-webfont3e6e.ttf]
[bestwpware.com/html/tm/quader-demo/quader-dark/assets/fonts/font-awesome.min.css]
[bestwpware.com/html/tm/quader-demo/quader-dark/assets/css/meanmenu.css]
[bestwpware.com/html/tm/quader-demo/quader-dark/assets/fonts/fontawesome-webfont3e6e.svg]
[bestwpware.com/html/tm/quader-demo/quader-dark/assets/fonts/themify9f24.eot]
[bestwpware.com/html/tm/quader-demo/quader-dark/assets/fonts/themifyd41d.eot]
[bestwpware.com/html/tm/quader-demo/quader-dark/assets/fonts/themify9f24.woff]
[bestwpware.com/html/tm/quader-demo/quader-dark/assets/fonts/themify9f24.ttf]
[bestwpware.com/html/tm/quader-demo/quader-dark/assets/fonts/themify-icons.css]
[bestwpware.com/html/tm/quader-demo/quader-dark/assets/css/style.css]
[bestwpware.com/html/tm/quader-demo/quader-dark/assets/css/responsive.css]
[bestwpware.com/html/tm/quader-demo/quader-dark/assets/fonts/themify9f24.svg]
[bestwpware.com/html/tm/quader-demo/quader-dark/resume.html]
[bestwpware.com/cdn-cgi/scripts/5c5dd728/cloudflare-static/email-decode.min.js]
[bestwpware.com/html/tm/quader-demo/quader-dark/assets/owlcarousel/css/owl.carousel.css]
[bestwpware.com/html/tm/quader-demo/quader-dark/assets/owlcarousel/css/owl.theme.css]
[bestwpware.com/html/tm/quader-demo/quader-dark/assets/img/testimonial/img-1.jpg]
[bestwpware.com/html/tm/quader-demo/quader-dark/assets/img/testimonial/img-2.jpg]
[bestwpware.com/html/tm/quader-demo/quader-dark/assets/img/testimonial/img-3.jpg]
[bestwpware.com/html/tm/quader-demo/quader-dark/assets/img/testimonial/img-4.jpg]
[bestwpware.com/html/tm/quader-demo/quader-dark/assets/img/partner/1.png]
[bestwpware.com/html/tm/quader-demo/quader-dark/assets/img/partner/2.png]
[bestwpware.com/html/tm/quader-demo/quader-dark/assets/img/partner/3.png]
[bestwpware.com/html/tm/quader-demo/quader-dark/assets/img/partner/4.png]
[bestwpware.com/html/tm/quader-demo/quader-dark/service.html]
[bestwpware.com/html/tm/quader-demo/quader-dark/assets/owlcarousel/js/owl.carousel.min.js]
[bestwpware.com/html/tm/quader-demo/quader-dark/assets/img/portfolio/1.jpg]
[bestwpware.com/html/tm/quader-demo/quader-dark/assets/img/portfolio/2.jpg]
[bestwpware.com/html/tm/quader-demo/quader-dark/assets/img/portfolio/3.jpg]
[bestwpware.com/html/tm/quader-demo/quader-dark/assets/img/portfolio/4.jpg]
[bestwpware.com/html/tm/quader-demo/quader-dark/assets/img/portfolio/5.jpg]
[bestwpware.com/html/tm/quader-demo/quader-dark/assets/img/portfolio/6.jpg]
[bestwpware.com/html/tm/quader-demo/quader-dark/portfolio.html]
[bestwpware.com/html/tm/quader-demo/quader-dark/blog_single.html]
[bestwpware.com/html/tm/quader-demo/quader-dark/assets/img/blog/1.jpg]
[bestwpware.com/html/tm/quader-demo/quader-dark/assets/img/blog/2.jpg]
[bestwpware.com/html/tm/quader-demo/quader-dark/assets/img/blog/3.jpg]
[bestwpware.com/html/tm/quader-demo/quader-dark/assets/img/blog/4.jpg]
[bestwpware.com/html/tm/quader-demo/quader-dark/assets/img/blog/5.jpg]
[bestwpware.com/html/tm/quader-demo/quader-dark/assets/img/blog/6.jpg]
[bestwpware.com/html/tm/quader-demo/quader-dark/blog.html]
[bestwpware.com/html/tm/quader-demo/quader-dark/contact.html]
[bestwpware.com/html/tm/quader-demo/quader-dark/assets/fonts/fontawesome-webfont3e6e.svg]
[bestwpware.com/html/tm/quader-demo/quader-dark/assets/fonts/themify9f24.svg]
[bestwpware.com/html/tm/quader-demo/quader-dark/assets/owlcarousel/css/grabbing.png]
[bestwpware.com/html/tm/quader-demo/quader-dark/assets/owlcarousel/css/owl.carousel.css]
[bestwpware.com/html/tm/quader-demo/quader-dark/assets/owlcarousel/css/AjaxLoader.gif]
[bestwpware.com/html/tm/quader-demo/quader-dark/assets/owlcarousel/css/owl.theme.css]
[bestwpware.com/html/tm/quader-demo/quader-dark/blog_single.html]
[bestwpware.com/html/tm/quader-demo/quader-dark/assets/owlcarousel/css/grabbing.html]
[bestwpware.com/html/tm/quader-demo/quader-dark/assets/owlcarousel/css/AjaxLoader.html]
